// Jest Snapshot v1, https://goo.gl/fbAQLP

exports[`Main screen empty card should match snapshot 1`] = `
Object {
  "background": Array [
    Object {
      "color": "#1aeaf6ec",
      "type": "solid",
    },
  ],
  "border": Object {
    "corner_radius": 28,
  },
  "height": Object {
    "type": "match_parent",
  },
  "id": "main_screen_card_0_0",
  "items": Array [
    Object {
      "default_state_id": "off",
      "div_id": "add_widget_loading_0_0",
      "states": Array [
        Object {
          "div": Object {
            "actions": Array [],
            "height": Object {
              "type": "match_parent",
            },
            "items": Array [
              Object {
                "alignment_horizontal": "center",
                "height": Object {
                  "type": "fixed",
                  "value": 88,
                },
                "image_url": "https://dialogs.s3.yandex.net/smart_displays/icons/plus_in_circle.png",
                "margins": Object {
                  "bottom": 24,
                  "top": 24,
                },
                "type": "image",
                "width": Object {
                  "type": "fixed",
                  "value": 88,
                },
              },
              Object {
                "font_size": 32,
                "font_weight": "medium",
                "height": Object {
                  "type": "match_parent",
                },
                "line_height": 40,
                "text": "Добавить
виджет",
                "text_alignment_horizontal": "center",
                "text_color": "#80ffffff",
                "type": "text",
                "width": Object {
                  "type": "match_parent",
                },
              },
            ],
            "type": "container",
            "width": Object {
              "type": "match_parent",
            },
          },
          "state_id": "off",
        },
        Object {
          "div": Object {
            "actions": Array [
              Object {
                "log_id": "mainscreen.emptycard.change.loading.state",
                "url": "div-action://set_state?state_id=0/add_widget_loading_0_0/off&temporary=false",
              },
            ],
            "height": Object {
              "type": "match_parent",
            },
            "items": Array [
              Object {
                "alignment_horizontal": "center",
                "alignment_vertical": "center",
                "gif_url": "https://dialogs.s3.yandex.net/smart_displays/loaders/spinner.gif",
                "height": Object {
                  "type": "fixed",
                  "value": 250,
                },
                "type": "gif",
                "width": Object {
                  "type": "fixed",
                  "value": 250,
                },
              },
            ],
            "type": "container",
            "width": Object {
              "type": "match_parent",
            },
          },
          "state_id": "on",
        },
      ],
      "type": "state",
    },
  ],
  "paddings": Object {
    "bottom": 24,
    "left": 24,
    "right": 24,
    "top": 24,
  },
  "type": "container",
  "width": Object {
    "type": "match_parent",
  },
}
`;
