// Jest Snapshot v1, https://goo.gl/fbAQLP

exports[`Photoframe scenario matches snapshot 1`] = `
Object {
  "card": Object {
    "log_id": "gallery-screensaver",
    "states": Array [
      Object {
        "div": Object {
          "background": Array [
            Object {
              "image_url": "https://dialogs.s3.yandex.net/smart_displays/photoframe/nature29.png",
              "preload_required": 1,
              "type": "image",
            },
            Object {
              "color": "#2E000000",
              "type": "solid",
            },
            Object {
              "angle": 74,
              "colors": Array [
                "#29000000",
                "#1F000000",
                "#00000000",
              ],
              "type": "gradient",
            },
          ],
          "delimiter_style": Object {
            "color": "#0fff",
          },
          "height": Object {
            "type": "match_parent",
          },
          "type": "separator",
          "width": Object {
            "type": "match_parent",
          },
        },
        "state_id": 0,
      },
    ],
  },
  "templates": Object {},
}
`;
