// Jest Snapshot v1, https://goo.gl/fbAQLP

exports[`Main screen empty card should match snapshot 1`] = `
Object {
  "background": Array [
    Object {
      "color": "#1aeaf6ec",
      "type": "solid",
    },
  ],
  "border": Object {
    "corner_radius": 28,
  },
  "height": Object {
    "type": "match_parent",
    "weight": 1,
  },
  "id": "main_screen_card_0_0",
  "items": Array [
    Object {
      "font_size": 32,
      "font_weight": "medium",
      "line_height": 40,
      "text": "Youtube",
      "text_color": "#80ffffff",
      "type": "text",
    },
    Object {
      "delimiter_style": Object {
        "color": "#0fff",
      },
      "height": Object {
        "type": "match_parent",
        "weight": 31,
      },
      "type": "separator",
    },
    Object {
      "alignment_horizontal": "center",
      "alignment_vertical": "center",
      "height": Object {
        "type": "fixed",
        "value": 112,
      },
      "image_url": "https://dialogs.s3.yandex.net/smart_displays/main-screen/cards/youtube/logo.png",
      "margins": Object {
        "top": 31,
      },
      "type": "image",
      "width": Object {
        "type": "fixed",
        "value": 161,
      },
    },
    Object {
      "delimiter_style": Object {
        "color": "#0fff",
      },
      "height": Object {
        "type": "match_parent",
        "weight": 56,
      },
      "type": "separator",
    },
  ],
  "paddings": Object {
    "bottom": 24,
    "left": 24,
    "right": 24,
    "top": 24,
  },
  "type": "container",
  "width": Object {
    "type": "match_parent",
    "weight": 1,
  },
}
`;
