// Jest Snapshot v1, https://goo.gl/fbAQLP

exports[`News scenario matches snapshot 1`] = `
Object {
  "card": Object {
    "log_id": "news_scenario",
    "states": Array [
      Object {
        "div": Object {
          "default_state_id": "pager",
          "div_id": "news",
          "height": Object {
            "type": "match_parent",
          },
          "states": Array [
            Object {
              "animation_in": Object {
                "duration": 200,
                "end_value": 1,
                "interpolator": "ease_in_out",
                "name": "scale",
                "start_value": 0.9,
              },
              "animation_out": Object {
                "duration": 200,
                "end_value": 0.95,
                "interpolator": "ease_out",
                "name": "scale",
                "start_value": 1,
              },
              "div": Object {
                "height": Object {
                  "type": "match_parent",
                },
                "items": Array [
                  Object {
                    "default_item": 0,
                    "height": Object {
                      "type": "match_parent",
                    },
                    "id": "pager",
                    "items": Array [
                      Object {
                        "background": Array [
                          Object {
                            "image_url": "https://avatars.mds.yandex.net/get-bass/image/60x60",
                            "preload_required": 1,
                            "scale": "fill",
                            "type": "image",
                          },
                          Object {
                            "color": "#b3121316",
                            "type": "solid",
                          },
                        ],
                        "content_alignment_horizontal": "left",
                        "content_alignment_vertical": "bottom",
                        "height": Object {
                          "type": "match_parent",
                        },
                        "items": Array [
                          Object {
                            "content_alignment_vertical": "bottom",
                            "height": Object {
                              "type": "match_parent",
                              "weight": 1,
                            },
                            "items": Array [
                              Object {
                                "background": Array [
                                  Object {
                                    "color": "#fff",
                                    "type": "solid",
                                  },
                                ],
                                "border": Object {
                                  "corner_radius": 12,
                                },
                                "content_alignment_horizontal": "center",
                                "content_alignment_vertical": "center",
                                "height": Object {
                                  "type": "fixed",
                                  "value": 40,
                                },
                                "items": Array [
                                  Object {
                                    "height": Object {
                                      "type": "fixed",
                                      "value": 28,
                                    },
                                    "image_url": "imager",
                                    "type": "image",
                                    "width": Object {
                                      "type": "fixed",
                                      "value": 28,
                                    },
                                  },
                                ],
                                "margins": Object {
                                  "right": 20,
                                },
                                "type": "container",
                                "width": Object {
                                  "type": "fixed",
                                  "value": 40,
                                },
                              },
                              Object {
                                "font_size": 32,
                                "font_weight": "medium",
                                "height": Object {
                                  "type": "wrap_content",
                                },
                                "line_height": 40,
                                "text": "agency • 12 января в 13:46",
                                "text_alignment_vertical": "center",
                                "text_color": "#9fff",
                                "type": "text",
                                "width": Object {
                                  "type": "wrap_content",
                                },
                              },
                            ],
                            "margins": Object {
                              "bottom": 20,
                            },
                            "orientation": "horizontal",
                            "type": "container",
                            "width": Object {
                              "type": "wrap_content",
                            },
                          },
                          Object {
                            "content_alignment_vertical": "bottom",
                            "height": Object {
                              "type": "wrap_content",
                            },
                            "items": Array [
                              Object {
                                "font_size": 60,
                                "font_weight": "medium",
                                "height": Object {
                                  "type": "wrap_content",
                                },
                                "line_height": 72,
                                "max_lines": 5,
                                "text": "text",
                                "text_color": "#fff",
                                "truncate": "end",
                                "type": "text",
                                "width": Object {
                                  "type": "match_parent",
                                  "weight": 1,
                                },
                              },
                            ],
                            "orientation": "horizontal",
                            "type": "container",
                            "width": Object {
                              "type": "match_parent",
                            },
                          },
                        ],
                        "paddings": Object {
                          "bottom": 104,
                          "left": 48,
                          "right": 48,
                        },
                        "type": "container",
                        "width": Object {
                          "type": "match_parent",
                        },
                      },
                    ],
                    "layout_mode": Object {
                      "page_width": Object {
                        "type": "percentage",
                        "value": 100,
                      },
                      "type": "percentage",
                    },
                    "type": "pager",
                    "width": Object {
                      "type": "match_parent",
                    },
                  },
                  Object {
                    "content_alignment_horizontal": "center",
                    "content_alignment_vertical": "bottom",
                    "height": Object {
                      "type": "match_parent",
                    },
                    "items": Array [
                      Object {
                        "active_item_color": "#fff",
                        "height": Object {
                          "type": "wrap_content",
                        },
                        "inactive_item_color": "#1affffff",
                        "pager_id": "pager",
                        "shape": Object {
                          "corner_radius": Object {
                            "type": "fixed",
                            "value": 20,
                          },
                          "item_height": Object {
                            "type": "fixed",
                            "value": 8,
                          },
                          "item_width": Object {
                            "type": "fixed",
                            "value": 90,
                          },
                          "type": "rounded_rectangle",
                        },
                        "space_between_centers": Object {
                          "type": "fixed",
                          "value": 120,
                        },
                        "type": "indicator",
                        "width": Object {
                          "type": "match_parent",
                        },
                      },
                    ],
                    "paddings": Object {
                      "bottom": 48,
                    },
                    "type": "container",
                    "width": Object {
                      "type": "match_parent",
                    },
                  },
                  Object {
                    "actions": Array [
                      Object {
                        "log_id": "close_fullscreen",
                        "url": "centaur://local_command?local_commands=[%7B%22command%22%3A%22close_layer%22%2C%22layer%22%3A%22DIALOG%22%2C%22stop_conversation%22%3Atrue%7D]",
                      },
                    ],
                    "alignment_horizontal": "right",
                    "background": Array [
                      Object {
                        "color": "#1affffff",
                        "type": "solid",
                      },
                    ],
                    "border": Object {
                      "corner_radius": 20,
                    },
                    "height": Object {
                      "type": "fixed",
                      "value": 88,
                    },
                    "image_url": "https://yastatic.net/s3/dialogs/smart_displays/icons/close_wt_border.png",
                    "margins": Object {
                      "right": 48,
                      "top": 48,
                    },
                    "paddings": Object {
                      "bottom": 10,
                      "left": 10,
                      "right": 10,
                      "top": 10,
                    },
                    "preload_required": 1,
                    "scale": "fill",
                    "type": "image",
                    "width": Object {
                      "type": "fixed",
                      "value": 88,
                    },
                  },
                ],
                "orientation": "overlap",
                "type": "container",
                "width": Object {
                  "type": "match_parent",
                },
              },
              "state_id": "pager",
            },
            Object {
              "animation_in": Object {
                "duration": 350,
                "end_value": 0,
                "interpolator": "ease_out",
                "name": "translate",
                "start_value": 1,
              },
              "animation_out": Object {
                "duration": 350,
                "end_value": 1,
                "interpolator": "ease_in",
                "name": "translate",
                "start_value": 0,
              },
              "div": Object {
                "background": Array [
                  Object {
                    "color": "#121316",
                    "type": "solid",
                  },
                ],
                "height": Object {
                  "type": "match_parent",
                },
                "items": Array [
                  Object {
                    "actions": Array [
                      Object {
                        "log_id": "close_fullscreen",
                        "url": "div-action://set_state?state_id=0/news/pager&temporary=true",
                      },
                    ],
                    "alignment_horizontal": "right",
                    "background": Array [
                      Object {
                        "color": "#1affffff",
                        "type": "solid",
                      },
                    ],
                    "border": Object {
                      "corner_radius": 20,
                    },
                    "height": Object {
                      "type": "fixed",
                      "value": 88,
                    },
                    "image_url": "https://yastatic.net/s3/dialogs/smart_displays/icons/close_wt_border.png",
                    "margins": Object {
                      "top": 48,
                    },
                    "paddings": Object {
                      "bottom": 10,
                      "left": 10,
                      "right": 10,
                      "top": 10,
                    },
                    "preload_required": 1,
                    "scale": "fill",
                    "type": "image",
                    "width": Object {
                      "type": "fixed",
                      "value": 88,
                    },
                  },
                  Object {
                    "height": Object {
                      "type": "wrap_content",
                    },
                    "items": Array [
                      Object {
                        "height": Object {
                          "type": "wrap_content",
                        },
                        "items": Array [
                          Object {
                            "background": Array [
                              Object {
                                "color": "#fff",
                                "type": "solid",
                              },
                            ],
                            "border": Object {
                              "corner_radius": 12,
                            },
                            "content_alignment_horizontal": "center",
                            "content_alignment_vertical": "center",
                            "height": Object {
                              "type": "fixed",
                              "value": 40,
                            },
                            "items": Array [
                              Object {
                                "height": Object {
                                  "type": "fixed",
                                  "value": 28,
                                },
                                "image_url": "imager",
                                "type": "image",
                                "width": Object {
                                  "type": "fixed",
                                  "value": 28,
                                },
                              },
                            ],
                            "margins": Object {
                              "right": 20,
                            },
                            "type": "container",
                            "width": Object {
                              "type": "fixed",
                              "value": 40,
                            },
                          },
                          Object {
                            "font_size": 32,
                            "font_weight": "medium",
                            "height": Object {
                              "type": "wrap_content",
                            },
                            "line_height": 40,
                            "text": "agency • 12 января в 13:46",
                            "text_alignment_vertical": "center",
                            "text_color": "#9fff",
                            "type": "text",
                            "width": Object {
                              "type": "wrap_content",
                            },
                          },
                        ],
                        "margins": Object {
                          "bottom": 24,
                          "top": 48,
                        },
                        "orientation": "horizontal",
                        "type": "container",
                        "width": Object {
                          "type": "wrap_content",
                        },
                      },
                      Object {
                        "font_size": 60,
                        "font_weight": "medium",
                        "height": Object {
                          "type": "wrap_content",
                        },
                        "line_height": 72,
                        "margins": Object {
                          "bottom": 32,
                        },
                        "text": "text",
                        "text_color": "#fff",
                        "truncate": "end",
                        "type": "text",
                        "width": Object {
                          "type": "wrap_content",
                        },
                      },
                    ],
                    "margins": Object {
                      "right": 204,
                    },
                    "orientation": "vertical",
                    "type": "gallery",
                    "width": Object {
                      "type": "wrap_content",
                    },
                  },
                ],
                "orientation": "overlap",
                "paddings": Object {
                  "left": 48,
                  "right": 48,
                },
                "type": "container",
                "width": Object {
                  "type": "match_parent",
                },
              },
              "state_id": "extended_0",
            },
          ],
          "type": "state",
          "width": Object {
            "type": "match_parent",
          },
        },
        "state_id": 0,
      },
    ],
    "variable_triggers": Array [],
    "variables": Array [],
  },
  "templates": Object {},
}
`;

exports[`News scenario with extended news matches snapshot 1`] = `
Object {
  "card": Object {
    "log_id": "news_scenario",
    "states": Array [
      Object {
        "div": Object {
          "default_state_id": "pager",
          "div_id": "news",
          "height": Object {
            "type": "match_parent",
          },
          "states": Array [
            Object {
              "animation_in": Object {
                "duration": 200,
                "end_value": 1,
                "interpolator": "ease_in_out",
                "name": "scale",
                "start_value": 0.9,
              },
              "animation_out": Object {
                "duration": 200,
                "end_value": 0.95,
                "interpolator": "ease_out",
                "name": "scale",
                "start_value": 1,
              },
              "div": Object {
                "height": Object {
                  "type": "match_parent",
                },
                "items": Array [
                  Object {
                    "default_item": 0,
                    "height": Object {
                      "type": "match_parent",
                    },
                    "id": "pager",
                    "items": Array [
                      Object {
                        "background": Array [
                          Object {
                            "image_url": "https://avatars.mds.yandex.net/get-bass/image/60x60",
                            "preload_required": 1,
                            "scale": "fill",
                            "type": "image",
                          },
                          Object {
                            "color": "#b3121316",
                            "type": "solid",
                          },
                        ],
                        "content_alignment_horizontal": "left",
                        "content_alignment_vertical": "bottom",
                        "height": Object {
                          "type": "match_parent",
                        },
                        "items": Array [
                          Object {
                            "content_alignment_vertical": "bottom",
                            "height": Object {
                              "type": "match_parent",
                              "weight": 1,
                            },
                            "items": Array [
                              Object {
                                "background": Array [
                                  Object {
                                    "color": "#fff",
                                    "type": "solid",
                                  },
                                ],
                                "border": Object {
                                  "corner_radius": 12,
                                },
                                "content_alignment_horizontal": "center",
                                "content_alignment_vertical": "center",
                                "height": Object {
                                  "type": "fixed",
                                  "value": 40,
                                },
                                "items": Array [
                                  Object {
                                    "height": Object {
                                      "type": "fixed",
                                      "value": 28,
                                    },
                                    "image_url": "imager",
                                    "type": "image",
                                    "width": Object {
                                      "type": "fixed",
                                      "value": 28,
                                    },
                                  },
                                ],
                                "margins": Object {
                                  "right": 20,
                                },
                                "type": "container",
                                "width": Object {
                                  "type": "fixed",
                                  "value": 40,
                                },
                              },
                              Object {
                                "font_size": 32,
                                "font_weight": "medium",
                                "height": Object {
                                  "type": "wrap_content",
                                },
                                "line_height": 40,
                                "text": "agency • 12 января в 13:46",
                                "text_alignment_vertical": "center",
                                "text_color": "#9fff",
                                "type": "text",
                                "width": Object {
                                  "type": "wrap_content",
                                },
                              },
                            ],
                            "margins": Object {
                              "bottom": 20,
                            },
                            "orientation": "horizontal",
                            "type": "container",
                            "width": Object {
                              "type": "wrap_content",
                            },
                          },
                          Object {
                            "content_alignment_vertical": "bottom",
                            "height": Object {
                              "type": "wrap_content",
                            },
                            "items": Array [
                              Object {
                                "font_size": 60,
                                "font_weight": "medium",
                                "height": Object {
                                  "type": "wrap_content",
                                },
                                "line_height": 72,
                                "max_lines": 5,
                                "text": "text",
                                "text_color": "#fff",
                                "truncate": "end",
                                "type": "text",
                                "width": Object {
                                  "type": "match_parent",
                                  "weight": 1,
                                },
                              },
                            ],
                            "orientation": "horizontal",
                            "type": "container",
                            "width": Object {
                              "type": "match_parent",
                            },
                          },
                        ],
                        "paddings": Object {
                          "bottom": 104,
                          "left": 48,
                          "right": 48,
                        },
                        "type": "container",
                        "width": Object {
                          "type": "match_parent",
                        },
                      },
                    ],
                    "layout_mode": Object {
                      "page_width": Object {
                        "type": "percentage",
                        "value": 100,
                      },
                      "type": "percentage",
                    },
                    "type": "pager",
                    "width": Object {
                      "type": "match_parent",
                    },
                  },
                  Object {
                    "content_alignment_horizontal": "center",
                    "content_alignment_vertical": "bottom",
                    "height": Object {
                      "type": "match_parent",
                    },
                    "items": Array [
                      Object {
                        "active_item_color": "#fff",
                        "height": Object {
                          "type": "wrap_content",
                        },
                        "inactive_item_color": "#1affffff",
                        "pager_id": "pager",
                        "shape": Object {
                          "corner_radius": Object {
                            "type": "fixed",
                            "value": 20,
                          },
                          "item_height": Object {
                            "type": "fixed",
                            "value": 8,
                          },
                          "item_width": Object {
                            "type": "fixed",
                            "value": 90,
                          },
                          "type": "rounded_rectangle",
                        },
                        "space_between_centers": Object {
                          "type": "fixed",
                          "value": 120,
                        },
                        "type": "indicator",
                        "width": Object {
                          "type": "match_parent",
                        },
                      },
                    ],
                    "paddings": Object {
                      "bottom": 48,
                    },
                    "type": "container",
                    "width": Object {
                      "type": "match_parent",
                    },
                  },
                  Object {
                    "actions": Array [
                      Object {
                        "log_id": "close_fullscreen",
                        "url": "centaur://local_command?local_commands=[%7B%22command%22%3A%22close_layer%22%2C%22layer%22%3A%22DIALOG%22%2C%22stop_conversation%22%3Atrue%7D]",
                      },
                    ],
                    "alignment_horizontal": "right",
                    "background": Array [
                      Object {
                        "color": "#1affffff",
                        "type": "solid",
                      },
                    ],
                    "border": Object {
                      "corner_radius": 20,
                    },
                    "height": Object {
                      "type": "fixed",
                      "value": 88,
                    },
                    "image_url": "https://yastatic.net/s3/dialogs/smart_displays/icons/close_wt_border.png",
                    "margins": Object {
                      "right": 48,
                      "top": 48,
                    },
                    "paddings": Object {
                      "bottom": 10,
                      "left": 10,
                      "right": 10,
                      "top": 10,
                    },
                    "preload_required": 1,
                    "scale": "fill",
                    "type": "image",
                    "width": Object {
                      "type": "fixed",
                      "value": 88,
                    },
                  },
                ],
                "orientation": "overlap",
                "type": "container",
                "width": Object {
                  "type": "match_parent",
                },
              },
              "state_id": "pager",
            },
            Object {
              "animation_in": Object {
                "duration": 350,
                "end_value": 0,
                "interpolator": "ease_out",
                "name": "translate",
                "start_value": 1,
              },
              "animation_out": Object {
                "duration": 350,
                "end_value": 1,
                "interpolator": "ease_in",
                "name": "translate",
                "start_value": 0,
              },
              "div": Object {
                "background": Array [
                  Object {
                    "color": "#121316",
                    "type": "solid",
                  },
                ],
                "height": Object {
                  "type": "match_parent",
                },
                "items": Array [
                  Object {
                    "actions": Array [
                      Object {
                        "log_id": "close_fullscreen",
                        "url": "div-action://set_state?state_id=0/news/pager&temporary=true",
                      },
                    ],
                    "alignment_horizontal": "right",
                    "background": Array [
                      Object {
                        "color": "#1affffff",
                        "type": "solid",
                      },
                    ],
                    "border": Object {
                      "corner_radius": 20,
                    },
                    "height": Object {
                      "type": "fixed",
                      "value": 88,
                    },
                    "image_url": "https://yastatic.net/s3/dialogs/smart_displays/icons/close_wt_border.png",
                    "margins": Object {
                      "top": 48,
                    },
                    "paddings": Object {
                      "bottom": 10,
                      "left": 10,
                      "right": 10,
                      "top": 10,
                    },
                    "preload_required": 1,
                    "scale": "fill",
                    "type": "image",
                    "width": Object {
                      "type": "fixed",
                      "value": 88,
                    },
                  },
                  Object {
                    "height": Object {
                      "type": "wrap_content",
                    },
                    "items": Array [
                      Object {
                        "height": Object {
                          "type": "wrap_content",
                        },
                        "items": Array [
                          Object {
                            "background": Array [
                              Object {
                                "color": "#fff",
                                "type": "solid",
                              },
                            ],
                            "border": Object {
                              "corner_radius": 12,
                            },
                            "content_alignment_horizontal": "center",
                            "content_alignment_vertical": "center",
                            "height": Object {
                              "type": "fixed",
                              "value": 40,
                            },
                            "items": Array [
                              Object {
                                "height": Object {
                                  "type": "fixed",
                                  "value": 28,
                                },
                                "image_url": "imager",
                                "type": "image",
                                "width": Object {
                                  "type": "fixed",
                                  "value": 28,
                                },
                              },
                            ],
                            "margins": Object {
                              "right": 20,
                            },
                            "type": "container",
                            "width": Object {
                              "type": "fixed",
                              "value": 40,
                            },
                          },
                          Object {
                            "font_size": 32,
                            "font_weight": "medium",
                            "height": Object {
                              "type": "wrap_content",
                            },
                            "line_height": 40,
                            "text": "agency • 12 января в 13:46",
                            "text_alignment_vertical": "center",
                            "text_color": "#9fff",
                            "type": "text",
                            "width": Object {
                              "type": "wrap_content",
                            },
                          },
                        ],
                        "margins": Object {
                          "bottom": 24,
                          "top": 48,
                        },
                        "orientation": "horizontal",
                        "type": "container",
                        "width": Object {
                          "type": "wrap_content",
                        },
                      },
                      Object {
                        "font_size": 60,
                        "font_weight": "medium",
                        "height": Object {
                          "type": "wrap_content",
                        },
                        "line_height": 72,
                        "margins": Object {
                          "bottom": 32,
                        },
                        "text": "text",
                        "text_color": "#fff",
                        "truncate": "end",
                        "type": "text",
                        "width": Object {
                          "type": "wrap_content",
                        },
                      },
                    ],
                    "margins": Object {
                      "right": 204,
                    },
                    "orientation": "vertical",
                    "type": "gallery",
                    "width": Object {
                      "type": "wrap_content",
                    },
                  },
                ],
                "orientation": "overlap",
                "paddings": Object {
                  "left": 48,
                  "right": 48,
                },
                "type": "container",
                "width": Object {
                  "type": "match_parent",
                },
              },
              "state_id": "extended_0",
            },
          ],
          "type": "state",
          "width": Object {
            "type": "match_parent",
          },
        },
        "state_id": 0,
      },
    ],
    "variable_triggers": Array [],
    "variables": Array [],
  },
  "templates": Object {},
}
`;
