// Jest Snapshot v1, https://goo.gl/fbAQLP

exports[`onboarding matches snapshot 1`] = `
Object {
  "card": Object {
    "log_id": "onboarding_card",
    "states": Array [
      Object {
        "div": Object {
          "column_count": 2,
          "item_spacing": 0,
          "items": Array [
            Object {
              "action": Object {
                "log_id": "button/0",
                "url": "@@mm_deeplink#div_action_0",
              },
              "margins": Object {
                "bottom": 6,
              },
              "text": "Что это играет?",
              "type": "onboardingGreeting",
            },
            Object {
              "action": Object {
                "log_id": "button/1",
                "url": "@@mm_deeplink#div_action_1",
              },
              "margins": Object {
                "bottom": 6,
              },
              "text": "Погода",
              "type": "onboardingGreeting",
            },
            Object {
              "action": Object {
                "log_id": "button/2",
                "url": "@@mm_deeplink#div_action_2",
              },
              "margins": Object {
                "bottom": 6,
                "left": 6,
              },
              "text": "Игра «День Выборов»",
              "type": "onboardingGreeting",
            },
          ],
          "margins": Object {
            "bottom": 10,
          },
          "paddings": Object {
            "left": 24,
            "right": 24,
          },
          "type": "gallery",
        },
        "state_id": 0,
      },
    ],
    "variable_triggers": Array [],
    "variables": Array [],
  },
  "palette": Object {
    "dark": Array [
      Object {
        "color": "#667a55ff",
        "name": "greetings.border",
      },
      Object {
        "color": "#ffffff",
        "name": "greetings.text.primary",
      },
    ],
    "light": Array [
      Object {
        "color": "#e6e1f5",
        "name": "greetings.border",
      },
      Object {
        "color": "#000000",
        "name": "greetings.text.primary",
      },
    ],
  },
  "templates": Object {
    "onboardingGreeting": Object {
      "border": Object {
        "corners_radius": Object {
          "bottom-left": 16,
          "bottom-right": 16,
          "top-left": 2,
          "top-right": 16,
        },
        "stroke": Object {
          "color": "@{greetings.border}",
          "width": 1,
        },
      },
      "font_size": 14,
      "font_weight": "medium",
      "line_height": 16,
      "paddings": Object {
        "bottom": 14,
        "left": 18,
        "right": 18,
        "top": 14,
      },
      "text_color": "@{greetings.text.primary}",
      "type": "text",
      "width": Object {
        "type": "wrap_content",
      },
    },
  },
}
`;
