// Jest Snapshot v1, https://goo.gl/fbAQLP

exports[`Telegram ChooseContact Scene matches snapshot 1`] = `
Object {
  "card": Object {
    "log_id": "choose_contact_card",
    "states": Array [
      Object {
        "div": Object {
          "height": Object {
            "type": "match_parent",
            "weight": 1,
          },
          "items": Array [
            Object {
              "background": Array [
                Object {
                  "color": "#121316",
                  "type": "solid",
                },
              ],
              "content_alignment_horizontal": "left",
              "content_alignment_vertical": "top",
              "height": Object {
                "type": "match_parent",
              },
              "items": Array [
                Object {
                  "delimiter_style": Object {
                    "color": "#0fff",
                  },
                  "height": Object {
                    "type": "fixed",
                    "value": 30,
                  },
                  "type": "separator",
                  "width": Object {
                    "type": "match_parent",
                  },
                },
                Object {
                  "items": Array [
                    Object {
                      "font_size": 40,
                      "font_weight": "medium",
                      "height": Object {
                        "type": "fixed",
                        "value": 100,
                      },
                      "line_height": 56,
                      "paddings": Object {
                        "bottom": 10,
                        "top": 10,
                      },
                      "text": "Уточните, кому будете звонить",
                      "text_color": "#80ffffff",
                      "type": "text",
                      "width": Object {
                        "type": "wrap_content",
                      },
                    },
                    Object {
                      "content_alignment_horizontal": "left",
                      "content_alignment_vertical": "top",
                      "items": Array [
                        Object {
                          "background": Array [
                            Object {
                              "color": "#1affffff",
                              "type": "solid",
                            },
                          ],
                          "border": Object {
                            "corner_radius": 30,
                          },
                          "content_alignment_horizontal": "center",
                          "content_alignment_vertical": "center",
                          "height": Object {
                            "type": "fixed",
                            "value": 500,
                          },
                          "items": Array [
                            Object {
                              "font_size": 32,
                              "font_weight": "medium",
                              "height": Object {
                                "type": "wrap_content",
                              },
                              "line_height": 40,
                              "margins": Object {
                                "bottom": 50,
                              },
                              "text": "Name",
                              "text_alignment_horizontal": "center",
                              "text_alignment_vertical": "center",
                              "text_color": "#e6ffffff",
                              "type": "text",
                              "width": Object {
                                "type": "wrap_content",
                              },
                            },
                            Object {
                              "actions": Array [
                                Object {
                                  "log_id": "main_screen_video_call_to_action_without_video",
                                  "url": "dialog://?directives=%5B%7B%22type%22%3A%22server_action%22%2C%22name%22%3A%22%40%40mm_semantic_frame%22%2C%22payload%22%3A%7B%22typed_semantic_frame%22%3A%7B%22video_call_to_semantic_frame%22%3A%7B%22fixed_contact%22%3A%7B%22contact_data%22%3A%7B%22telegram_contact_data%22%3A%7B%22display_name%22%3A%22Name%22%2C%22user_id%22%3A%22UserId%22%7D%7D%7D%2C%22video_enabled%22%3A%7B%22bool_value%22%3Afalse%7D%7D%7D%2C%22analytics%22%3A%7B%22product_scenario%22%3A%22VideoCall%22%2C%22origin%22%3A%22Scenario%22%2C%22purpose%22%3A%22alice_scenarios.video_call_to%22%2C%22origin_info%22%3A%22%22%7D%2C%22params%22%3A%7B%22disable_output_speech%22%3Atrue%2C%22disable_should_listen%22%3Atrue%7D%7D%7D%5D",
                                },
                              ],
                              "content_alignment_horizontal": "center",
                              "content_alignment_vertical": "center",
                              "items": Array [
                                Object {
                                  "background": Array [
                                    Object {
                                      "color": "#1affffff",
                                      "type": "solid",
                                    },
                                  ],
                                  "border": Object {
                                    "corner_radius": 30,
                                  },
                                  "font_size": 32,
                                  "font_weight": "medium",
                                  "height": Object {
                                    "type": "fixed",
                                    "value": 100,
                                  },
                                  "line_height": 40,
                                  "margins": Object {
                                    "bottom": 20,
                                  },
                                  "text": "Аудиозвонок",
                                  "text_alignment_horizontal": "center",
                                  "text_alignment_vertical": "center",
                                  "text_color": "#e6ffffff",
                                  "type": "text",
                                  "width": Object {
                                    "type": "fixed",
                                    "value": 250,
                                  },
                                },
                              ],
                              "orientation": "vertical",
                              "type": "container",
                              "width": Object {
                                "type": "wrap_content",
                              },
                            },
                            Object {
                              "actions": Array [
                                Object {
                                  "log_id": "main_screen_video_call_to_action_with_video",
                                  "url": "dialog://?directives=%5B%7B%22type%22%3A%22server_action%22%2C%22name%22%3A%22%40%40mm_semantic_frame%22%2C%22payload%22%3A%7B%22typed_semantic_frame%22%3A%7B%22video_call_to_semantic_frame%22%3A%7B%22fixed_contact%22%3A%7B%22contact_data%22%3A%7B%22telegram_contact_data%22%3A%7B%22display_name%22%3A%22Name%22%2C%22user_id%22%3A%22UserId%22%7D%7D%7D%2C%22video_enabled%22%3A%7B%22bool_value%22%3Atrue%7D%7D%7D%2C%22analytics%22%3A%7B%22product_scenario%22%3A%22VideoCall%22%2C%22origin%22%3A%22Scenario%22%2C%22purpose%22%3A%22alice_scenarios.video_call_to%22%2C%22origin_info%22%3A%22%22%7D%2C%22params%22%3A%7B%22disable_output_speech%22%3Atrue%2C%22disable_should_listen%22%3Atrue%7D%7D%7D%5D",
                                },
                              ],
                              "content_alignment_horizontal": "center",
                              "content_alignment_vertical": "center",
                              "items": Array [
                                Object {
                                  "background": Array [
                                    Object {
                                      "color": "#1affffff",
                                      "type": "solid",
                                    },
                                  ],
                                  "border": Object {
                                    "corner_radius": 30,
                                  },
                                  "font_size": 32,
                                  "font_weight": "medium",
                                  "height": Object {
                                    "type": "fixed",
                                    "value": 100,
                                  },
                                  "line_height": 40,
                                  "margins": Object {
                                    "bottom": 20,
                                  },
                                  "text": "Видеозвонок",
                                  "text_alignment_horizontal": "center",
                                  "text_alignment_vertical": "center",
                                  "text_color": "#e6ffffff",
                                  "type": "text",
                                  "width": Object {
                                    "type": "fixed",
                                    "value": 250,
                                  },
                                },
                              ],
                              "orientation": "vertical",
                              "type": "container",
                              "width": Object {
                                "type": "wrap_content",
                              },
                            },
                          ],
                          "orientation": "vertical",
                          "type": "container",
                          "width": Object {
                            "type": "fixed",
                            "value": 300,
                          },
                        },
                      ],
                      "orientation": "horizontal",
                      "type": "container",
                      "width": Object {
                        "type": "match_parent",
                      },
                    },
                  ],
                  "margins": Object {
                    "bottom": 20,
                  },
                  "paddings": Object {
                    "left": 48,
                    "right": 48,
                  },
                  "type": "container",
                },
              ],
              "orientation": "vertical",
              "paddings": Object {
                "bottom": 48,
                "top": 142,
              },
              "type": "container",
              "width": Object {
                "type": "match_parent",
              },
            },
            Object {
              "alignment_horizontal": "right",
              "alignment_vertical": "top",
              "items": Array [
                Object {
                  "actions": Array [
                    Object {
                      "log_id": "close_fullscreen",
                      "url": "centaur://local_command?local_commands=[%7B%22command%22%3A%22close_layer%22%2C%22layer%22%3A%22DIALOG%22%2C%22stop_conversation%22%3Atrue%7D]",
                    },
                  ],
                  "alignment_horizontal": "right",
                  "background": Array [
                    Object {
                      "color": "#1affffff",
                      "type": "solid",
                    },
                  ],
                  "border": Object {
                    "corner_radius": 20,
                  },
                  "height": Object {
                    "type": "fixed",
                    "value": 88,
                  },
                  "image_url": "https://yastatic.net/s3/dialogs/smart_displays/icons/close_wt_border.png",
                  "margins": Object {
                    "right": 36,
                    "top": 36,
                  },
                  "paddings": Object {
                    "bottom": 22,
                    "left": 22,
                    "right": 22,
                    "top": 22,
                  },
                  "preload_required": 1,
                  "scale": "fill",
                  "type": "image",
                  "width": Object {
                    "type": "fixed",
                    "value": 88,
                  },
                },
              ],
              "type": "container",
            },
          ],
          "orientation": "overlap",
          "type": "container",
          "width": Object {
            "type": "match_parent",
            "weight": 1,
          },
        },
        "state_id": 0,
      },
    ],
    "variable_triggers": Array [],
    "variables": Array [],
  },
  "templates": Object {},
}
`;
