// Jest Snapshot v1, https://goo.gl/fbAQLP

exports[`Upper Shutter should equal snapshot default data 1`] = `
Object {
  "card": Object {
    "log_id": "id",
    "states": Array [
      Object {
        "div": Object {
          "height": Object {
            "type": "wrap_content",
          },
          "items": Array [
            Object {
              "font_size": 32,
              "font_weight": "medium",
              "line_height": 40,
              "margins": Object {
                "left": 48,
              },
              "text": "Умный дом",
              "text_color": "#80ffffff",
              "type": "text",
            },
            Object {
              "cross_content_alignment": "center",
              "height": Object {
                "type": "fixed",
                "value": 159,
              },
              "items": Array [
                Object {
                  "default_state_id": "off",
                  "div_id": "deviceid3",
                  "height": Object {
                    "type": "fixed",
                    "value": 159,
                  },
                  "states": Array [
                    Object {
                      "animation_in": Object {
                        "items": Array [
                          Object {
                            "duration": 300,
                            "end_value": 1,
                            "interpolator": "ease_in_out",
                            "name": "scale",
                            "start_delay": 300,
                            "start_value": 1.1,
                          },
                          Object {
                            "duration": 300,
                            "end_value": 1,
                            "interpolator": "ease_in_out",
                            "name": "fade",
                            "start_delay": 300,
                            "start_value": 0.3,
                          },
                        ],
                        "name": "set",
                      },
                      "animation_out": Object {
                        "items": Array [
                          Object {
                            "duration": 300,
                            "end_value": 1.1,
                            "interpolator": "ease_in_out",
                            "name": "scale",
                            "start_value": 1,
                          },
                          Object {
                            "duration": 300,
                            "end_value": 0.3,
                            "interpolator": "ease_in_out",
                            "name": "fade",
                            "start_value": 1,
                          },
                        ],
                        "name": "set",
                      },
                      "div": Object {
                        "actions": Array [
                          Object {
                            "log_id": "upper_shutter.device.id3.change.button.state",
                            "url": "div-action://set_state?state_id=0/deviceid3/off&temporary=false",
                          },
                          Object {
                            "log_id": "upper_shutter.device.id3.click",
                            "url": "dialog://?directives=%5B%7B%22type%22%3A%22server_action%22%2C%22name%22%3A%22%40%40mm_semantic_frame%22%2C%22payload%22%3A%7B%22typed_semantic_frame%22%3A%7B%22iot_device_action_semantic_frame%22%3A%7B%22request%22%3A%7B%22request_value%22%3A%7B%22intent_parameters%22%3A%7B%22capability_instance%22%3A%22on%22%2C%22capability_value%22%3A%7B%22bool_value%22%3Afalse%7D%2C%22capability_type%22%3A%22devices.capabilities.on_off%22%7D%2C%22device_ids%22%3A%5B%22id3%22%5D%7D%7D%7D%7D%2C%22analytics%22%3A%7B%22product_scenario%22%3A%22IOT%22%2C%22origin%22%3A%22Scenario%22%2C%22purpose%22%3A%22Turn%20Off%20iot%20device%22%7D%2C%22params%22%3A%7B%22disable_output_speech%22%3Atrue%2C%22disable_should_listen%22%3Atrue%7D%7D%7D%5D",
                          },
                        ],
                        "background": Array [
                          Object {
                            "color": "#6934ff",
                            "type": "solid",
                          },
                        ],
                        "border": Object {
                          "corner_radius": 28,
                        },
                        "height": Object {
                          "type": "match_parent",
                        },
                        "items": Array [
                          Object {
                            "background": Array [
                              Object {
                                "alpha": 1,
                                "image_url": "icon_url/orig",
                                "preload_required": 1,
                                "type": "image",
                              },
                            ],
                            "border": Object {
                              "corner_radius": 28,
                            },
                            "delimiter_style": Object {
                              "color": "#0fff",
                            },
                            "height": Object {
                              "type": "fixed",
                              "value": 77,
                            },
                            "type": "separator",
                            "width": Object {
                              "type": "fixed",
                              "value": 77,
                            },
                          },
                          Object {
                            "alignment_vertical": "center",
                            "height": Object {
                              "type": "wrap_content",
                            },
                            "items": Array [
                              Object {
                                "font_size": 32,
                                "font_weight": "medium",
                                "height": Object {
                                  "type": "wrap_content",
                                },
                                "line_height": 40,
                                "max_lines": 2,
                                "text": "Название девайса",
                                "text_color": "#fff",
                                "type": "text",
                                "width": Object {
                                  "type": "wrap_content",
                                },
                              },
                              Object {
                                "height": Object {
                                  "type": "wrap_content",
                                },
                                "items": Array [
                                  Object {
                                    "font_size": 28,
                                    "font_weight": "medium",
                                    "height": Object {
                                      "type": "wrap_content",
                                    },
                                    "line_height": 36,
                                    "max_lines": 2,
                                    "text": "Добавить в комнату",
                                    "text_color": "#80ffffff",
                                    "type": "text",
                                    "width": Object {
                                      "type": "wrap_content",
                                    },
                                  },
                                  Object {
                                    "font_size": 28,
                                    "font_weight": "medium",
                                    "height": Object {
                                      "type": "wrap_content",
                                    },
                                    "line_height": 36,
                                    "max_lines": 2,
                                    "text": "",
                                    "text_color": "#80ffffff",
                                    "type": "text",
                                    "width": Object {
                                      "type": "wrap_content",
                                    },
                                  },
                                ],
                                "orientation": "horizontal",
                                "type": "container",
                                "width": Object {
                                  "type": "wrap_content",
                                },
                              },
                            ],
                            "margins": Object {
                              "left": 20,
                            },
                            "type": "container",
                            "width": Object {
                              "type": "wrap_content",
                            },
                          },
                        ],
                        "margins": Object {
                          "bottom": 13,
                          "left": 48,
                          "right": 19,
                          "top": 13,
                        },
                        "orientation": "horizontal",
                        "paddings": Object {
                          "bottom": 28,
                          "left": 28,
                          "right": 28,
                          "top": 28,
                        },
                        "type": "container",
                        "width": Object {
                          "type": "match_parent",
                        },
                      },
                      "state_id": "on",
                    },
                    Object {
                      "animation_in": Object {
                        "items": Array [
                          Object {
                            "duration": 300,
                            "end_value": 1,
                            "interpolator": "ease_in_out",
                            "name": "scale",
                            "start_delay": 300,
                            "start_value": 1.1,
                          },
                          Object {
                            "duration": 300,
                            "end_value": 1,
                            "interpolator": "ease_in_out",
                            "name": "fade",
                            "start_delay": 300,
                            "start_value": 0.3,
                          },
                        ],
                        "name": "set",
                      },
                      "animation_out": Object {
                        "items": Array [
                          Object {
                            "duration": 300,
                            "end_value": 1.1,
                            "interpolator": "ease_in_out",
                            "name": "scale",
                            "start_value": 1,
                          },
                          Object {
                            "duration": 300,
                            "end_value": 0.3,
                            "interpolator": "ease_in_out",
                            "name": "fade",
                            "start_value": 1,
                          },
                        ],
                        "name": "set",
                      },
                      "div": Object {
                        "actions": Array [
                          Object {
                            "log_id": "upper_shutter.device.id3.change.button.state",
                            "url": "div-action://set_state?state_id=0/deviceid3/on&temporary=false",
                          },
                          Object {
                            "log_id": "upper_shutter.device.id3.click",
                            "url": "dialog://?directives=%5B%7B%22type%22%3A%22server_action%22%2C%22name%22%3A%22%40%40mm_semantic_frame%22%2C%22payload%22%3A%7B%22typed_semantic_frame%22%3A%7B%22iot_device_action_semantic_frame%22%3A%7B%22request%22%3A%7B%22request_value%22%3A%7B%22intent_parameters%22%3A%7B%22capability_instance%22%3A%22on%22%2C%22capability_value%22%3A%7B%22bool_value%22%3Atrue%7D%2C%22capability_type%22%3A%22devices.capabilities.on_off%22%7D%2C%22device_ids%22%3A%5B%22id3%22%5D%7D%7D%7D%7D%2C%22analytics%22%3A%7B%22product_scenario%22%3A%22IOT%22%2C%22origin%22%3A%22Scenario%22%2C%22purpose%22%3A%22Turn%20On%20iot%20device%22%7D%2C%22params%22%3A%7B%22disable_output_speech%22%3Atrue%2C%22disable_should_listen%22%3Atrue%7D%7D%7D%5D",
                          },
                        ],
                        "background": Array [
                          Object {
                            "color": "#1affffff",
                            "type": "solid",
                          },
                        ],
                        "border": Object {
                          "corner_radius": 28,
                        },
                        "height": Object {
                          "type": "match_parent",
                        },
                        "items": Array [
                          Object {
                            "background": Array [
                              Object {
                                "alpha": 1,
                                "image_url": "icon_url/orig",
                                "preload_required": 1,
                                "type": "image",
                              },
                            ],
                            "border": Object {
                              "corner_radius": 28,
                            },
                            "delimiter_style": Object {
                              "color": "#0fff",
                            },
                            "height": Object {
                              "type": "fixed",
                              "value": 77,
                            },
                            "type": "separator",
                            "width": Object {
                              "type": "fixed",
                              "value": 77,
                            },
                          },
                          Object {
                            "alignment_vertical": "center",
                            "height": Object {
                              "type": "wrap_content",
                            },
                            "items": Array [
                              Object {
                                "font_size": 32,
                                "font_weight": "medium",
                                "height": Object {
                                  "type": "wrap_content",
                                },
                                "line_height": 40,
                                "max_lines": 2,
                                "text": "Название девайса",
                                "text_color": "#fff",
                                "type": "text",
                                "width": Object {
                                  "type": "wrap_content",
                                },
                              },
                              Object {
                                "height": Object {
                                  "type": "wrap_content",
                                },
                                "items": Array [
                                  Object {
                                    "font_size": 28,
                                    "font_weight": "medium",
                                    "height": Object {
                                      "type": "wrap_content",
                                    },
                                    "line_height": 36,
                                    "max_lines": 2,
                                    "text": "Добавить в комнату",
                                    "text_color": "#80ffffff",
                                    "type": "text",
                                    "width": Object {
                                      "type": "wrap_content",
                                    },
                                  },
                                  Object {
                                    "font_size": 28,
                                    "font_weight": "medium",
                                    "height": Object {
                                      "type": "wrap_content",
                                    },
                                    "line_height": 36,
                                    "max_lines": 2,
                                    "text": "",
                                    "text_color": "#80ffffff",
                                    "type": "text",
                                    "width": Object {
                                      "type": "wrap_content",
                                    },
                                  },
                                ],
                                "orientation": "horizontal",
                                "type": "container",
                                "width": Object {
                                  "type": "wrap_content",
                                },
                              },
                            ],
                            "margins": Object {
                              "left": 20,
                            },
                            "type": "container",
                            "width": Object {
                              "type": "wrap_content",
                            },
                          },
                        ],
                        "margins": Object {
                          "bottom": 13,
                          "left": 48,
                          "right": 19,
                          "top": 13,
                        },
                        "orientation": "horizontal",
                        "paddings": Object {
                          "bottom": 28,
                          "left": 28,
                          "right": 28,
                          "top": 28,
                        },
                        "type": "container",
                        "width": Object {
                          "type": "match_parent",
                        },
                      },
                      "state_id": "off",
                    },
                  ],
                  "type": "state",
                  "width": Object {
                    "type": "wrap_content",
                  },
                },
                Object {
                  "default_state_id": "off",
                  "div_id": "deviceid4",
                  "height": Object {
                    "type": "fixed",
                    "value": 159,
                  },
                  "states": Array [
                    Object {
                      "animation_in": Object {
                        "items": Array [
                          Object {
                            "duration": 300,
                            "end_value": 1,
                            "interpolator": "ease_in_out",
                            "name": "scale",
                            "start_delay": 300,
                            "start_value": 1.1,
                          },
                          Object {
                            "duration": 300,
                            "end_value": 1,
                            "interpolator": "ease_in_out",
                            "name": "fade",
                            "start_delay": 300,
                            "start_value": 0.3,
                          },
                        ],
                        "name": "set",
                      },
                      "animation_out": Object {
                        "items": Array [
                          Object {
                            "duration": 300,
                            "end_value": 1.1,
                            "interpolator": "ease_in_out",
                            "name": "scale",
                            "start_value": 1,
                          },
                          Object {
                            "duration": 300,
                            "end_value": 0.3,
                            "interpolator": "ease_in_out",
                            "name": "fade",
                            "start_value": 1,
                          },
                        ],
                        "name": "set",
                      },
                      "div": Object {
                        "actions": Array [
                          Object {
                            "log_id": "upper_shutter.device.id4.change.button.state",
                            "url": "div-action://set_state?state_id=0/deviceid4/off&temporary=false",
                          },
                          Object {
                            "log_id": "upper_shutter.device.id4.click",
                            "url": "dialog://?directives=%5B%7B%22type%22%3A%22server_action%22%2C%22name%22%3A%22%40%40mm_semantic_frame%22%2C%22payload%22%3A%7B%22typed_semantic_frame%22%3A%7B%22iot_device_action_semantic_frame%22%3A%7B%22request%22%3A%7B%22request_value%22%3A%7B%22intent_parameters%22%3A%7B%22capability_instance%22%3A%22on%22%2C%22capability_value%22%3A%7B%22bool_value%22%3Afalse%7D%2C%22capability_type%22%3A%22devices.capabilities.on_off%22%7D%2C%22device_ids%22%3A%5B%22id4%22%5D%7D%7D%7D%7D%2C%22analytics%22%3A%7B%22product_scenario%22%3A%22IOT%22%2C%22origin%22%3A%22Scenario%22%2C%22purpose%22%3A%22Turn%20Off%20iot%20device%22%7D%2C%22params%22%3A%7B%22disable_output_speech%22%3Atrue%2C%22disable_should_listen%22%3Atrue%7D%7D%7D%5D",
                          },
                        ],
                        "background": Array [
                          Object {
                            "color": "#6934ff",
                            "type": "solid",
                          },
                        ],
                        "border": Object {
                          "corner_radius": 28,
                        },
                        "height": Object {
                          "type": "match_parent",
                        },
                        "items": Array [
                          Object {
                            "background": Array [],
                            "border": Object {
                              "corner_radius": 28,
                            },
                            "delimiter_style": Object {
                              "color": "#0fff",
                            },
                            "height": Object {
                              "type": "fixed",
                              "value": 77,
                            },
                            "type": "separator",
                            "width": Object {
                              "type": "fixed",
                              "value": 77,
                            },
                          },
                          Object {
                            "alignment_vertical": "center",
                            "height": Object {
                              "type": "wrap_content",
                            },
                            "items": Array [
                              Object {
                                "font_size": 32,
                                "font_weight": "medium",
                                "height": Object {
                                  "type": "wrap_content",
                                },
                                "line_height": 40,
                                "max_lines": 2,
                                "text": "",
                                "text_color": "#fff",
                                "type": "text",
                                "width": Object {
                                  "type": "wrap_content",
                                },
                              },
                              Object {
                                "height": Object {
                                  "type": "wrap_content",
                                },
                                "items": Array [
                                  Object {
                                    "font_size": 28,
                                    "font_weight": "medium",
                                    "height": Object {
                                      "type": "wrap_content",
                                    },
                                    "line_height": 36,
                                    "max_lines": 2,
                                    "text": "Комната 1",
                                    "text_color": "#80ffffff",
                                    "type": "text",
                                    "width": Object {
                                      "type": "wrap_content",
                                    },
                                  },
                                  Object {
                                    "font_size": 28,
                                    "font_weight": "medium",
                                    "height": Object {
                                      "type": "wrap_content",
                                    },
                                    "line_height": 36,
                                    "max_lines": 2,
                                    "text": "",
                                    "text_color": "#80ffffff",
                                    "type": "text",
                                    "width": Object {
                                      "type": "wrap_content",
                                    },
                                  },
                                ],
                                "orientation": "horizontal",
                                "type": "container",
                                "width": Object {
                                  "type": "wrap_content",
                                },
                              },
                            ],
                            "margins": Object {
                              "left": 20,
                            },
                            "type": "container",
                            "width": Object {
                              "type": "wrap_content",
                            },
                          },
                        ],
                        "margins": Object {
                          "bottom": 13,
                          "left": 19,
                          "right": 19,
                          "top": 13,
                        },
                        "orientation": "horizontal",
                        "paddings": Object {
                          "bottom": 28,
                          "left": 28,
                          "right": 28,
                          "top": 28,
                        },
                        "type": "container",
                        "width": Object {
                          "type": "match_parent",
                        },
                      },
                      "state_id": "on",
                    },
                    Object {
                      "animation_in": Object {
                        "items": Array [
                          Object {
                            "duration": 300,
                            "end_value": 1,
                            "interpolator": "ease_in_out",
                            "name": "scale",
                            "start_delay": 300,
                            "start_value": 1.1,
                          },
                          Object {
                            "duration": 300,
                            "end_value": 1,
                            "interpolator": "ease_in_out",
                            "name": "fade",
                            "start_delay": 300,
                            "start_value": 0.3,
                          },
                        ],
                        "name": "set",
                      },
                      "animation_out": Object {
                        "items": Array [
                          Object {
                            "duration": 300,
                            "end_value": 1.1,
                            "interpolator": "ease_in_out",
                            "name": "scale",
                            "start_value": 1,
                          },
                          Object {
                            "duration": 300,
                            "end_value": 0.3,
                            "interpolator": "ease_in_out",
                            "name": "fade",
                            "start_value": 1,
                          },
                        ],
                        "name": "set",
                      },
                      "div": Object {
                        "actions": Array [
                          Object {
                            "log_id": "upper_shutter.device.id4.change.button.state",
                            "url": "div-action://set_state?state_id=0/deviceid4/on&temporary=false",
                          },
                          Object {
                            "log_id": "upper_shutter.device.id4.click",
                            "url": "dialog://?directives=%5B%7B%22type%22%3A%22server_action%22%2C%22name%22%3A%22%40%40mm_semantic_frame%22%2C%22payload%22%3A%7B%22typed_semantic_frame%22%3A%7B%22iot_device_action_semantic_frame%22%3A%7B%22request%22%3A%7B%22request_value%22%3A%7B%22intent_parameters%22%3A%7B%22capability_instance%22%3A%22on%22%2C%22capability_value%22%3A%7B%22bool_value%22%3Atrue%7D%2C%22capability_type%22%3A%22devices.capabilities.on_off%22%7D%2C%22device_ids%22%3A%5B%22id4%22%5D%7D%7D%7D%7D%2C%22analytics%22%3A%7B%22product_scenario%22%3A%22IOT%22%2C%22origin%22%3A%22Scenario%22%2C%22purpose%22%3A%22Turn%20On%20iot%20device%22%7D%2C%22params%22%3A%7B%22disable_output_speech%22%3Atrue%2C%22disable_should_listen%22%3Atrue%7D%7D%7D%5D",
                          },
                        ],
                        "background": Array [
                          Object {
                            "color": "#1affffff",
                            "type": "solid",
                          },
                        ],
                        "border": Object {
                          "corner_radius": 28,
                        },
                        "height": Object {
                          "type": "match_parent",
                        },
                        "items": Array [
                          Object {
                            "background": Array [],
                            "border": Object {
                              "corner_radius": 28,
                            },
                            "delimiter_style": Object {
                              "color": "#0fff",
                            },
                            "height": Object {
                              "type": "fixed",
                              "value": 77,
                            },
                            "type": "separator",
                            "width": Object {
                              "type": "fixed",
                              "value": 77,
                            },
                          },
                          Object {
                            "alignment_vertical": "center",
                            "height": Object {
                              "type": "wrap_content",
                            },
                            "items": Array [
                              Object {
                                "font_size": 32,
                                "font_weight": "medium",
                                "height": Object {
                                  "type": "wrap_content",
                                },
                                "line_height": 40,
                                "max_lines": 2,
                                "text": "",
                                "text_color": "#fff",
                                "type": "text",
                                "width": Object {
                                  "type": "wrap_content",
                                },
                              },
                              Object {
                                "height": Object {
                                  "type": "wrap_content",
                                },
                                "items": Array [
                                  Object {
                                    "font_size": 28,
                                    "font_weight": "medium",
                                    "height": Object {
                                      "type": "wrap_content",
                                    },
                                    "line_height": 36,
                                    "max_lines": 2,
                                    "text": "Комната 1",
                                    "text_color": "#80ffffff",
                                    "type": "text",
                                    "width": Object {
                                      "type": "wrap_content",
                                    },
                                  },
                                  Object {
                                    "font_size": 28,
                                    "font_weight": "medium",
                                    "height": Object {
                                      "type": "wrap_content",
                                    },
                                    "line_height": 36,
                                    "max_lines": 2,
                                    "text": "",
                                    "text_color": "#80ffffff",
                                    "type": "text",
                                    "width": Object {
                                      "type": "wrap_content",
                                    },
                                  },
                                ],
                                "orientation": "horizontal",
                                "type": "container",
                                "width": Object {
                                  "type": "wrap_content",
                                },
                              },
                            ],
                            "margins": Object {
                              "left": 20,
                            },
                            "type": "container",
                            "width": Object {
                              "type": "wrap_content",
                            },
                          },
                        ],
                        "margins": Object {
                          "bottom": 13,
                          "left": 19,
                          "right": 19,
                          "top": 13,
                        },
                        "orientation": "horizontal",
                        "paddings": Object {
                          "bottom": 28,
                          "left": 28,
                          "right": 28,
                          "top": 28,
                        },
                        "type": "container",
                        "width": Object {
                          "type": "match_parent",
                        },
                      },
                      "state_id": "off",
                    },
                  ],
                  "type": "state",
                  "width": Object {
                    "type": "wrap_content",
                  },
                },
                Object {
                  "background": Array [
                    Object {
                      "color": "#1affffff",
                      "type": "solid",
                    },
                  ],
                  "delimiter_style": Object {
                    "color": "#0fff",
                  },
                  "height": Object {
                    "type": "fixed",
                    "value": 24,
                  },
                  "type": "separator",
                  "width": Object {
                    "type": "fixed",
                    "value": 4,
                  },
                },
                Object {
                  "action": Object {
                    "log_id": "upper_shutter.redirect.smart_home",
                    "url": "dialog://?directives=%5B%7B%22type%22%3A%22client_action%22%2C%22name%22%3A%22show_main_screen%22%2C%22payload%22%3A%7B%22tab_id%22%3A%22tab3%22%7D%7D%5D",
                  },
                  "alignment_vertical": "center",
                  "background": Array [
                    Object {
                      "color": "#1affffff",
                      "type": "solid",
                    },
                  ],
                  "border": Object {
                    "corner_radius": 28,
                  },
                  "height": Object {
                    "type": "fixed",
                    "value": 133,
                  },
                  "items": Array [
                    Object {
                      "alignment_vertical": "center",
                      "height": Object {
                        "type": "fixed",
                        "value": 48,
                      },
                      "image_url": "https://dialogs.s3.yandex.net/smart_displays/iot/icons/station.png",
                      "type": "image",
                      "width": Object {
                        "type": "fixed",
                        "value": 32,
                      },
                    },
                    Object {
                      "alignment_vertical": "center",
                      "font_size": 32,
                      "font_weight": "medium",
                      "height": Object {
                        "type": "wrap_content",
                      },
                      "line_height": 40,
                      "margins": Object {
                        "left": 23,
                        "right": 30,
                      },
                      "text": "Умный Дом",
                      "text_color": "#fff",
                      "type": "text",
                      "width": Object {
                        "type": "wrap_content",
                      },
                    },
                    Object {
                      "alignment_vertical": "center",
                      "height": Object {
                        "type": "fixed",
                        "value": 37,
                      },
                      "image_url": "https://dialogs.s3.yandex.net/smart_displays/iot/icons/right.png",
                      "type": "image",
                      "width": Object {
                        "type": "fixed",
                        "value": 20,
                      },
                    },
                  ],
                  "margins": Object {
                    "left": 19,
                    "right": 48,
                  },
                  "orientation": "horizontal",
                  "paddings": Object {
                    "bottom": 28,
                    "left": 43,
                    "right": 48,
                    "top": 28,
                  },
                  "type": "container",
                  "width": Object {
                    "type": "wrap_content",
                  },
                },
              ],
              "margins": Object {
                "top": 35,
              },
              "type": "gallery",
              "width": Object {
                "type": "match_parent",
              },
            },
          ],
          "type": "container",
          "width": Object {
            "type": "match_parent",
          },
        },
        "state_id": 0,
      },
    ],
  },
  "templates": Object {},
}
`;

exports[`Upper Shutter should equal snapshot without data 1`] = `
Object {
  "card": Object {
    "log_id": "id",
    "states": Array [
      Object {
        "div": Object {
          "delimiter_style": Object {
            "color": "#0fff",
          },
          "type": "separator",
        },
        "state_id": 0,
      },
    ],
  },
  "templates": Object {},
}
`;

exports[`Upper Shutter should equal snapshot without devices 1`] = `
Object {
  "card": Object {
    "log_id": "id",
    "states": Array [
      Object {
        "div": Object {
          "delimiter_style": Object {
            "color": "#0fff",
          },
          "type": "separator",
        },
        "state_id": 0,
      },
    ],
  },
  "templates": Object {},
}
`;
