// Jest Snapshot v1, https://goo.gl/fbAQLP

exports[`Check ButtonsLikeRadio render should success render 1`] = `
Array [
  Object {
    "items": Array [
      Object {
        "default_state_id": "id_button_0_active",
        "div_id": "id_button_0",
        "states": Array [
          Object {
            "div": Object {
              "actions": Array [],
              "text": "active",
              "type": "text",
            },
            "state_id": "id_button_0_active",
          },
          Object {
            "div": Object {
              "actions": Array [
                Object {
                  "log_id": "set active variable",
                  "url": "div-action://set_variable?name=buttonList_id&value=0",
                },
              ],
              "text": "inactive",
              "type": "text",
            },
            "state_id": "id_button_0_inactive",
          },
        ],
        "type": "state",
      },
    ],
    "type": "container",
  },
]
`;
