// Jest Snapshot v1, https://goo.gl/fbAQLP

exports[`Main screen empty card should match snapshot 1`] = `
Object {
  "background": Array [
    Object {
      "color": "#1aeaf6ec",
      "type": "solid",
    },
  ],
  "border": Object {
    "corner_radius": 28,
  },
  "height": Object {
    "type": "match_parent",
    "weight": 1,
  },
  "id": "main_screen_card_0_0",
  "items": Array [
    Object {
      "items": Array [
        Object {
          "border": Object {
            "corner_radius": 22,
          },
          "height": Object {
            "type": "fixed",
            "value": 44,
          },
          "image_url": "",
          "margins": Object {
            "right": 16,
          },
          "type": "image",
          "width": Object {
            "type": "fixed",
            "value": 44,
          },
        },
        Object {
          "font_size": 28,
          "font_weight": "medium",
          "line_height": 36,
          "max_lines": 1,
          "text": "Навык",
          "text_color": "#80ffffff",
          "type": "text",
        },
      ],
      "orientation": "horizontal",
      "type": "container",
    },
    Object {
      "font_size": 28,
      "font_weight": "medium",
      "height": Object {
        "type": "match_parent",
        "weight": 1,
      },
      "line_height": 36,
      "max_lines": 2,
      "text": "Медуза",
      "text_alignment_vertical": "bottom",
      "text_color": "#fff",
      "type": "text",
    },
    Object {
      "alpha": 0.5,
      "font_size": 28,
      "font_weight": "medium",
      "line_height": 36,
      "max_lines": 2,
      "text": "Tesla начала устанавливать терминалы Starlink на зарядных станциях Supercharger",
      "text_color": "#fff",
      "type": "text",
    },
  ],
  "paddings": Object {
    "bottom": 24,
    "left": 24,
    "right": 24,
    "top": 24,
  },
  "type": "container",
  "width": Object {
    "type": "match_parent",
    "weight": 1,
  },
}
`;
