SET(BEGGINS_META_FILES
    alice/beggins/data/classification/fines/manifest.yaml
    alice/beggins/data/classification/read_page/manifest.yaml
    alice/beggins/data/classification/receipts/manifest.yaml
    alice/beggins/data/meta/config.yaml
    alice/beggins/data/meta/configs/apps_fixlist_call_block.yaml
    alice/beggins/data/meta/configs/apps_fixlist_dark_theme.yaml
    alice/beggins/data/meta/configs/apps_fixlist_fines.yaml
    alice/beggins/data/meta/configs/apps_fixlist_keyboard.yaml
    alice/beggins/data/meta/configs/apps_fixlist_module_purchase.yaml
    alice/beggins/data/meta/configs/apps_fixlist_pedometer.yaml
    alice/beggins/data/meta/configs/apps_fixlist_qr_code.yaml
    alice/beggins/data/meta/configs/apps_fixlist_read_page.yaml
    alice/beggins/data/meta/configs/apps_fixlist_reader_open.yaml
    alice/beggins/data/meta/configs/apps_fixlist_receipts.yaml
    alice/beggins/data/meta/configs/apps_fixlist_video_editor.yaml
    alice/beggins/data/meta/configs/apps_fixlist_video_translate.yaml
)
