// Jest Snapshot v1, https://goo.gl/fbAQLP

exports[`Client action directive matches snapshot 1`] = `"dialog://?directives=%5B%7B%22type%22%3A%22client_action%22%2C%22name%22%3A%22show_view%22%2C%22payload%22%3A%7B%22layer%22%3A%7B%22content%22%3A%7B%7D%7D%2C%22div2_card%22%3A%7B%22body%22%3A%7B%22card%22%3A%7B%22states%22%3A%5B%7B%22state_id%22%3A0%2C%22div%22%3A%7B%22type%22%3A%22container%22%2C%22alignment_vertical%22%3A%22bottom%22%2C%22height%22%3A%7B%22type%22%3A%22match_parent%22%7D%2C%22items%22%3A%5B%7B%22type%22%3A%22custom%22%2C%22alignment_vertical%22%3A%22bottom%22%2C%22custom_props%22%3A%7B%22url%22%3A%22https%3A%2F%2Fyandex.ru%2Fquasar%22%7D%2C%22custom_type%22%3A%22centaur_webview%22%2C%22height%22%3A%7B%22type%22%3A%22match_parent%22%7D%2C%22width%22%3A%7B%22type%22%3A%22match_parent%22%7D%7D%5D%2C%22width%22%3A%7B%22type%22%3A%22match_parent%22%7D%7D%7D%5D%2C%22log_id%22%3A%22iot-web%22%7D%2C%22templates%22%3A%7B%7D%7D%7D%7D%7D%5D"`;

exports[`Create webview client action matches snapshot 1`] = `
Object {
  "name": "show_view",
  "payload": Object {
    "div2_card": Object {
      "body": Object {
        "card": Object {
          "log_id": "webview",
          "states": Array [
            Object {
              "div": Object {
                "height": Object {
                  "type": "match_parent",
                },
                "items": Array [
                  Object {
                    "alignment_vertical": "bottom",
                    "custom_props": Object {
                      "url": "https://yandex.ru",
                      "user_agent": "Mozilla/5.0 (Linux; Android 9; SM-A102U) AppleWebKit/537.36 (KHTML, like Gecko) Chrome/74.0.3729.136 Mobile Safari/537.36",
                    },
                    "custom_type": "centaur_webview",
                    "height": Object {
                      "type": "match_parent",
                    },
                    "type": "custom",
                    "width": Object {
                      "type": "match_parent",
                    },
                  },
                  Object {
                    "alignment_vertical": "top",
                    "height": Object {
                      "type": "wrap_content",
                    },
                    "items": Array [
                      Object {
                        "alignment_horizontal": "right",
                        "alignment_vertical": "top",
                        "height": Object {
                          "type": "wrap_content",
                        },
                        "items": Array [
                          Object {
                            "action": Object {
                              "log_id": "close_webview",
                              "url": "centaur://local_command?local_commands=[{'command':'close_layer','layer':'CONTENT'}]",
                            },
                            "height": Object {
                              "type": "fixed",
                              "value": 56,
                            },
                            "image_url": "https://yastatic.net/s3/dialogs/smart_displays/icons/close_wt_border.png",
                            "preload_required": 1,
                            "type": "image",
                            "width": Object {
                              "type": "fixed",
                              "value": 56,
                            },
                          },
                        ],
                        "margins": Object {
                          "bottom": 16,
                          "right": 24,
                          "top": 16,
                        },
                        "orientation": "horizontal",
                        "type": "container",
                        "width": Object {
                          "type": "wrap_content",
                        },
                      },
                      Object {
                        "alignment_horizontal": "left",
                        "alignment_vertical": "top",
                        "height": Object {
                          "type": "wrap_content",
                        },
                        "items": Array [
                          Object {
                            "action": Object {
                              "log_id": "webview_go_back",
                              "url": "centaur://local_command?local_commands=[{'command':'webview_go_back','layer':'CONTENT'}]",
                            },
                            "height": Object {
                              "type": "fixed",
                              "value": 56,
                            },
                            "image_url": "https://yastatic.net/s3/dialogs/smart_displays/icons/back_wt_border.png",
                            "preload_required": 1,
                            "type": "image",
                            "width": Object {
                              "type": "fixed",
                              "value": 56,
                            },
                          },
                        ],
                        "margins": Object {
                          "bottom": 16,
                          "left": 24,
                          "top": 16,
                        },
                        "orientation": "horizontal",
                        "type": "container",
                        "width": Object {
                          "type": "wrap_content",
                        },
                      },
                    ],
                    "orientation": "overlap",
                    "type": "container",
                    "width": Object {
                      "type": "match_parent",
                    },
                  },
                ],
                "orientation": "vertical",
                "type": "container",
                "width": Object {
                  "type": "match_parent",
                },
              },
              "state_id": 0,
            },
          ],
        },
        "templates": Object {},
      },
    },
    "do_not_show_close_button": null,
    "inactivity_timeout": "Infinity",
    "layer": Object {
      "content": Object {},
    },
  },
  "type": "client_action",
}
`;
